  Determining projects to restore...
  All projects are up-to-date for restore.
C:\Users\Shehan\Desktop\Gym-Management-System\Views\Pages\FingerprintEnrollmentPage.xaml(21,14): error MC3074: The tag 'ShadowAssist.ShadowDepth' does not exist in XML namespace 'http://materialdesigninxaml.net/winfx/xaml/themes'. Line 21 Position 14. [C:\Users\Shehan\Desktop\Gym-Management-System\GymManagementSystem.csproj]

Build FAILED.

C:\Users\Shehan\Desktop\Gym-Management-System\Views\Pages\FingerprintEnrollmentPage.xaml(21,14): error MC3074: The tag 'ShadowAssist.ShadowDepth' does not exist in XML namespace 'http://materialdesigninxaml.net/winfx/xaml/themes'. Line 21 Position 14. [C:\Users\Shehan\Desktop\Gym-Management-System\GymManagementSystem.csproj]
    0 Warning(s)
    1 Error(s)

Time Elapsed 00:00:01.07
