  Determining projects to restore...
  All projects are up-to-date for restore.
C:\Users\Shehan\Desktop\Gym-Management-System\Views\LoginWindow.xaml.cs(59,30): warning CS0168: The variable 'ex' is declared but never used [C:\Users\Shehan\Desktop\Gym-Management-System\GymManagementSystem_4n5nnu0d_wpftmp.csproj]
C:\Users\Shehan\Desktop\Gym-Management-System\Views\Dialogs\AddEditPackageDialog.xaml.cs(64,35): warning CS8600: Converting null literal or possible null value to non-nullable type. [C:\Users\Shehan\Desktop\Gym-Management-System\GymManagementSystem_4n5nnu0d_wpftmp.csproj]
C:\Users\Shehan\Desktop\Gym-Management-System\Views\Dialogs\AddEditDeviceDialog.xaml.cs(67,34): warning CS8600: Converting null literal or possible null value to non-nullable type. [C:\Users\Shehan\Desktop\Gym-Management-System\GymManagementSystem_4n5nnu0d_wpftmp.csproj]
C:\Users\Shehan\Desktop\Gym-Management-System\Views\Dialogs\AddEditMemberDialog.xaml.cs(112,34): warning CS8600: Converting null literal or possible null value to non-nullable type. [C:\Users\Shehan\Desktop\Gym-Management-System\GymManagementSystem_4n5nnu0d_wpftmp.csproj]
C:\Users\Shehan\Desktop\Gym-Management-System\Views\Dialogs\AddEditMemberDialog.xaml.cs(176,72): warning CS8629: Nullable value type may be null. [C:\Users\Shehan\Desktop\Gym-Management-System\GymManagementSystem_4n5nnu0d_wpftmp.csproj]
C:\Users\Shehan\Desktop\Gym-Management-System\Views\Dialogs\AddPaymentDialog.xaml.cs(117,42): warning CS8629: Nullable value type may be null. [C:\Users\Shehan\Desktop\Gym-Management-System\GymManagementSystem_4n5nnu0d_wpftmp.csproj]
C:\Users\Shehan\Desktop\Gym-Management-System\Views\Dialogs\MarkAttendanceDialog.xaml.cs(185,76): warning CS8629: Nullable value type may be null. [C:\Users\Shehan\Desktop\Gym-Management-System\GymManagementSystem_4n5nnu0d_wpftmp.csproj]
C:\Users\Shehan\Desktop\Gym-Management-System\Views\Dialogs\MarkAttendanceDialog.xaml.cs(186,55): warning CS8629: Nullable value type may be null. [C:\Users\Shehan\Desktop\Gym-Management-System\GymManagementSystem_4n5nnu0d_wpftmp.csproj]
C:\Users\Shehan\Desktop\Gym-Management-System\Views\Dialogs\MarkAttendanceDialog.xaml.cs(204,41): warning CS8629: Nullable value type may be null. [C:\Users\Shehan\Desktop\Gym-Management-System\GymManagementSystem_4n5nnu0d_wpftmp.csproj]
C:\Users\Shehan\Desktop\Gym-Management-System\Views\Dialogs\MarkAttendanceDialog.xaml.cs(211,43): warning CS8629: Nullable value type may be null. [C:\Users\Shehan\Desktop\Gym-Management-System\GymManagementSystem_4n5nnu0d_wpftmp.csproj]
C:\Users\Shehan\Desktop\Gym-Management-System\Views\Pages\PaymentsPage.xaml.cs(13,16): warning CS8618: Non-nullable field '_searchCts' must contain a non-null value when exiting constructor. Consider adding the 'required' modifier or declaring the field as nullable. [C:\Users\Shehan\Desktop\Gym-Management-System\GymManagementSystem_4n5nnu0d_wpftmp.csproj]
C:\Users\Shehan\Desktop\Gym-Management-System\Views\Pages\PaymentsPage.xaml.cs(13,16): warning CS8618: Non-nullable field '_loadCts' must contain a non-null value when exiting constructor. Consider adding the 'required' modifier or declaring the field as nullable. [C:\Users\Shehan\Desktop\Gym-Management-System\GymManagementSystem_4n5nnu0d_wpftmp.csproj]
C:\Users\Shehan\Desktop\Gym-Management-System\Views\Pages\MemberStatusPage.xaml.cs(22,16): warning CS8618: Non-nullable field '_cancellationTokenSource' must contain a non-null value when exiting constructor. Consider adding the 'required' modifier or declaring the field as nullable. [C:\Users\Shehan\Desktop\Gym-Management-System\GymManagementSystem_4n5nnu0d_wpftmp.csproj]
C:\Users\Shehan\Desktop\Gym-Management-System\Views\Pages\MembersPage.xaml.cs(18,16): warning CS8618: Non-nullable field '_searchCts' must contain a non-null value when exiting constructor. Consider adding the 'required' modifier or declaring the field as nullable. [C:\Users\Shehan\Desktop\Gym-Management-System\GymManagementSystem_4n5nnu0d_wpftmp.csproj]
C:\Users\Shehan\Desktop\Gym-Management-System\Views\Pages\MembersPage.xaml.cs(18,16): warning CS8618: Non-nullable field '_loadCts' must contain a non-null value when exiting constructor. Consider adding the 'required' modifier or declaring the field as nullable. [C:\Users\Shehan\Desktop\Gym-Management-System\GymManagementSystem_4n5nnu0d_wpftmp.csproj]
C:\Users\Shehan\Desktop\Gym-Management-System\Views\Dialogs\EnrollFingerprintDialog.xaml.cs(287,45): warning CS8602: Dereference of a possibly null reference. [C:\Users\Shehan\Desktop\Gym-Management-System\GymManagementSystem_4n5nnu0d_wpftmp.csproj]
C:\Users\Shehan\Desktop\Gym-Management-System\Views\Dialogs\EnrollFingerprintDialog.xaml.cs(366,41): warning CS8602: Dereference of a possibly null reference. [C:\Users\Shehan\Desktop\Gym-Management-System\GymManagementSystem_4n5nnu0d_wpftmp.csproj]
C:\Users\Shehan\Desktop\Gym-Management-System\Views\Pages\MemberStatusPage.xaml.cs(211,41): warning CS8600: Converting null literal or possible null value to non-nullable type. [C:\Users\Shehan\Desktop\Gym-Management-System\GymManagementSystem_4n5nnu0d_wpftmp.csproj]
C:\Users\Shehan\Desktop\Gym-Management-System\Views\Pages\MemberStatusPage.xaml.cs(212,42): warning CS8600: Converting null literal or possible null value to non-nullable type. [C:\Users\Shehan\Desktop\Gym-Management-System\GymManagementSystem_4n5nnu0d_wpftmp.csproj]
C:\Users\Shehan\Desktop\Gym-Management-System\Views\Dialogs\MemberHistoryDialog.xaml.cs(168,69): warning CS8629: Nullable value type may be null. [C:\Users\Shehan\Desktop\Gym-Management-System\GymManagementSystem_4n5nnu0d_wpftmp.csproj]
C:\Users\Shehan\Desktop\Gym-Management-System\Views\Dialogs\EnrollFingerprintDialog.xaml.cs(460,81): error CS1503: Argument 1: cannot convert from 'string' to 'int' [C:\Users\Shehan\Desktop\Gym-Management-System\GymManagementSystem_4n5nnu0d_wpftmp.csproj]
C:\Users\Shehan\Desktop\Gym-Management-System\Views\Dialogs\EnrollFingerprintDialog.xaml.cs(509,45): warning CS8602: Dereference of a possibly null reference. [C:\Users\Shehan\Desktop\Gym-Management-System\GymManagementSystem_4n5nnu0d_wpftmp.csproj]
C:\Users\Shehan\Desktop\Gym-Management-System\Views\Pages\MembersPage.xaml.cs(240,58): warning CS8602: Dereference of a possibly null reference. [C:\Users\Shehan\Desktop\Gym-Management-System\GymManagementSystem_4n5nnu0d_wpftmp.csproj]
C:\Users\Shehan\Desktop\Gym-Management-System\Views\Dialogs\EnrollFingerprintDialog.xaml.cs(17,42): warning CS0649: Field 'EnrollFingerprintDialog._pollingCts' is never assigned to, and will always have its default value null [C:\Users\Shehan\Desktop\Gym-Management-System\GymManagementSystem_4n5nnu0d_wpftmp.csproj]

Build FAILED.

C:\Users\Shehan\Desktop\Gym-Management-System\Views\LoginWindow.xaml.cs(59,30): warning CS0168: The variable 'ex' is declared but never used [C:\Users\Shehan\Desktop\Gym-Management-System\GymManagementSystem_4n5nnu0d_wpftmp.csproj]
C:\Users\Shehan\Desktop\Gym-Management-System\Views\Dialogs\AddEditPackageDialog.xaml.cs(64,35): warning CS8600: Converting null literal or possible null value to non-nullable type. [C:\Users\Shehan\Desktop\Gym-Management-System\GymManagementSystem_4n5nnu0d_wpftmp.csproj]
C:\Users\Shehan\Desktop\Gym-Management-System\Views\Dialogs\AddEditDeviceDialog.xaml.cs(67,34): warning CS8600: Converting null literal or possible null value to non-nullable type. [C:\Users\Shehan\Desktop\Gym-Management-System\GymManagementSystem_4n5nnu0d_wpftmp.csproj]
C:\Users\Shehan\Desktop\Gym-Management-System\Views\Dialogs\AddEditMemberDialog.xaml.cs(112,34): warning CS8600: Converting null literal or possible null value to non-nullable type. [C:\Users\Shehan\Desktop\Gym-Management-System\GymManagementSystem_4n5nnu0d_wpftmp.csproj]
C:\Users\Shehan\Desktop\Gym-Management-System\Views\Dialogs\AddEditMemberDialog.xaml.cs(176,72): warning CS8629: Nullable value type may be null. [C:\Users\Shehan\Desktop\Gym-Management-System\GymManagementSystem_4n5nnu0d_wpftmp.csproj]
C:\Users\Shehan\Desktop\Gym-Management-System\Views\Dialogs\AddPaymentDialog.xaml.cs(117,42): warning CS8629: Nullable value type may be null. [C:\Users\Shehan\Desktop\Gym-Management-System\GymManagementSystem_4n5nnu0d_wpftmp.csproj]
C:\Users\Shehan\Desktop\Gym-Management-System\Views\Dialogs\MarkAttendanceDialog.xaml.cs(185,76): warning CS8629: Nullable value type may be null. [C:\Users\Shehan\Desktop\Gym-Management-System\GymManagementSystem_4n5nnu0d_wpftmp.csproj]
C:\Users\Shehan\Desktop\Gym-Management-System\Views\Dialogs\MarkAttendanceDialog.xaml.cs(186,55): warning CS8629: Nullable value type may be null. [C:\Users\Shehan\Desktop\Gym-Management-System\GymManagementSystem_4n5nnu0d_wpftmp.csproj]
C:\Users\Shehan\Desktop\Gym-Management-System\Views\Dialogs\MarkAttendanceDialog.xaml.cs(204,41): warning CS8629: Nullable value type may be null. [C:\Users\Shehan\Desktop\Gym-Management-System\GymManagementSystem_4n5nnu0d_wpftmp.csproj]
C:\Users\Shehan\Desktop\Gym-Management-System\Views\Dialogs\MarkAttendanceDialog.xaml.cs(211,43): warning CS8629: Nullable value type may be null. [C:\Users\Shehan\Desktop\Gym-Management-System\GymManagementSystem_4n5nnu0d_wpftmp.csproj]
C:\Users\Shehan\Desktop\Gym-Management-System\Views\Pages\PaymentsPage.xaml.cs(13,16): warning CS8618: Non-nullable field '_searchCts' must contain a non-null value when exiting constructor. Consider adding the 'required' modifier or declaring the field as nullable. [C:\Users\Shehan\Desktop\Gym-Management-System\GymManagementSystem_4n5nnu0d_wpftmp.csproj]
C:\Users\Shehan\Desktop\Gym-Management-System\Views\Pages\PaymentsPage.xaml.cs(13,16): warning CS8618: Non-nullable field '_loadCts' must contain a non-null value when exiting constructor. Consider adding the 'required' modifier or declaring the field as nullable. [C:\Users\Shehan\Desktop\Gym-Management-System\GymManagementSystem_4n5nnu0d_wpftmp.csproj]
C:\Users\Shehan\Desktop\Gym-Management-System\Views\Pages\MemberStatusPage.xaml.cs(22,16): warning CS8618: Non-nullable field '_cancellationTokenSource' must contain a non-null value when exiting constructor. Consider adding the 'required' modifier or declaring the field as nullable. [C:\Users\Shehan\Desktop\Gym-Management-System\GymManagementSystem_4n5nnu0d_wpftmp.csproj]
C:\Users\Shehan\Desktop\Gym-Management-System\Views\Pages\MembersPage.xaml.cs(18,16): warning CS8618: Non-nullable field '_searchCts' must contain a non-null value when exiting constructor. Consider adding the 'required' modifier or declaring the field as nullable. [C:\Users\Shehan\Desktop\Gym-Management-System\GymManagementSystem_4n5nnu0d_wpftmp.csproj]
C:\Users\Shehan\Desktop\Gym-Management-System\Views\Pages\MembersPage.xaml.cs(18,16): warning CS8618: Non-nullable field '_loadCts' must contain a non-null value when exiting constructor. Consider adding the 'required' modifier or declaring the field as nullable. [C:\Users\Shehan\Desktop\Gym-Management-System\GymManagementSystem_4n5nnu0d_wpftmp.csproj]
C:\Users\Shehan\Desktop\Gym-Management-System\Views\Dialogs\EnrollFingerprintDialog.xaml.cs(287,45): warning CS8602: Dereference of a possibly null reference. [C:\Users\Shehan\Desktop\Gym-Management-System\GymManagementSystem_4n5nnu0d_wpftmp.csproj]
C:\Users\Shehan\Desktop\Gym-Management-System\Views\Dialogs\EnrollFingerprintDialog.xaml.cs(366,41): warning CS8602: Dereference of a possibly null reference. [C:\Users\Shehan\Desktop\Gym-Management-System\GymManagementSystem_4n5nnu0d_wpftmp.csproj]
C:\Users\Shehan\Desktop\Gym-Management-System\Views\Pages\MemberStatusPage.xaml.cs(211,41): warning CS8600: Converting null literal or possible null value to non-nullable type. [C:\Users\Shehan\Desktop\Gym-Management-System\GymManagementSystem_4n5nnu0d_wpftmp.csproj]
C:\Users\Shehan\Desktop\Gym-Management-System\Views\Pages\MemberStatusPage.xaml.cs(212,42): warning CS8600: Converting null literal or possible null value to non-nullable type. [C:\Users\Shehan\Desktop\Gym-Management-System\GymManagementSystem_4n5nnu0d_wpftmp.csproj]
C:\Users\Shehan\Desktop\Gym-Management-System\Views\Dialogs\MemberHistoryDialog.xaml.cs(168,69): warning CS8629: Nullable value type may be null. [C:\Users\Shehan\Desktop\Gym-Management-System\GymManagementSystem_4n5nnu0d_wpftmp.csproj]
C:\Users\Shehan\Desktop\Gym-Management-System\Views\Dialogs\EnrollFingerprintDialog.xaml.cs(509,45): warning CS8602: Dereference of a possibly null reference. [C:\Users\Shehan\Desktop\Gym-Management-System\GymManagementSystem_4n5nnu0d_wpftmp.csproj]
C:\Users\Shehan\Desktop\Gym-Management-System\Views\Pages\MembersPage.xaml.cs(240,58): warning CS8602: Dereference of a possibly null reference. [C:\Users\Shehan\Desktop\Gym-Management-System\GymManagementSystem_4n5nnu0d_wpftmp.csproj]
C:\Users\Shehan\Desktop\Gym-Management-System\Views\Dialogs\EnrollFingerprintDialog.xaml.cs(17,42): warning CS0649: Field 'EnrollFingerprintDialog._pollingCts' is never assigned to, and will always have its default value null [C:\Users\Shehan\Desktop\Gym-Management-System\GymManagementSystem_4n5nnu0d_wpftmp.csproj]
C:\Users\Shehan\Desktop\Gym-Management-System\Views\Dialogs\EnrollFingerprintDialog.xaml.cs(460,81): error CS1503: Argument 1: cannot convert from 'string' to 'int' [C:\Users\Shehan\Desktop\Gym-Management-System\GymManagementSystem_4n5nnu0d_wpftmp.csproj]
    23 Warning(s)
    1 Error(s)

Time Elapsed 00:00:02.02
